//this is the model of the playbook defined here: https://github.com/SODALITE-EU/iac-modules/blob/master/tests/file/size.yaml
playbook_name: "tests/file/size"
//PROBLEM: the node type sodalite.nodes.Tests.File.Size, that should use this playbook, is missing in the rm examples
//therefore the "used_by" attribute won't be used in this model, so there won't be any connection to any TOSCA input
plays:
	play:
		hosts: "all"
		tasks_list:
			block_to_execute:
				block_name: "Execute the tests and catch any errors"
				tasks:
					task_to_execute:
						task_name: "Check that the somefile.conf exists"
						module: "stat"
							parameters:
								path: {{ file_location }}
								follow: {{ follow }}
						register: file_stats
					
					task_to_execute:
						task_name: "Evaluate the expression"
						module: "set_stats"
							parameters:
								data:
									checked_against: {{ registered_variable: file_stats.stat.size }}
									status: {{ (comparator == 'eq' and registered_variable: file_stats.stat.size == size) or (comparator == 'lt' and registered_variable: file_stats.stat.size < size) or (comparator == 'le' and registered_variable: file_stats.stat.size <= size) or (comparator == 'gt' and registered_variable: file_stats.stat.size > size) or (comparator == 'ge' and registered_variable: file_stats.stat.size >= size) }}
				
				rescue_tasks:
					task_to_execute:
						task_name: "If the request fails set status to false"
						module: "set_stats"
							parameters:
								data:
									status: false
									response_status: {{ ansible_failed_result }}