//this is the model of the playbook defined here: https://github.com/SODALITE-EU/iac-modules/blob/master/docker/docker_volume.yaml
playbook_name: "docker/add_volume"
used_by:
	node_type: "sodalite.nodes.DockerVolume"
	operation: "create"
plays:
	play:
		hosts: "all"
		privilege_escalation:
			become: yes
		tasks_list:
			task_to_execute:
				task_name: "add docker volume"
				module: "docker_volume"
					parameters:
						name: {{ operation_input: "volume_name" }}
						recreate: {{ recreate }} //recreate input is missing in the RM file