//this is the model of the playbook defined here: https://github.com/SODALITE-EU/iac-modules/blob/master/docker/playbooks/login_user.yml
playbook_name: "docker/logout_user"
used_by:
	node_type: "sodalite.nodes.DockerRegistry"
	operation: "delete"
plays:
	play:
		hosts: "all"
		privilege_escalation:
			become_user: "root"
			become: yes
		tasks_list:
			task_to_execute:
				task_name: "logging into Docker Hub"
				module: "docker_login"
					parameters:
						registry: {{ operation_input: "docker_registry_url" }}
						state: "absent"