//this is the model of the playbook defined here: https://github.com/SODALITE-EU/iac-modules/blob/master/aws/playbooks/security_rule_delete.yml
playbook_name: "aws/security_rule_delete"
used_by:
	node_type: "sodalite.nodes.AWS.SecurityRules"
	operation: "delete"
plays:
	play:
		hosts: "all"
		facts_settings:
			gather_facts: no
		tasks_list:
			task_to_execute:
				task_name: "Delete security group"
				module: "ec2_group"
					parameters:
						group_id: {{ group_id }} // group_id input is missing in the RM file
						state: "absent"
						region: {{ operation_input: "region" }}
						vpc_id: {{ operation_input: "vpc_id" }}
						aws_access_key: {{ operation_input: "aws_access_key" }}
						aws_secret_key: {{ operation_input: "aws_secret_key" }}
				error_handling:
					ignore_errors: True