//this is the model of the playbook defined here: https://github.com/SODALITE-EU/iac-modules/blob/master/misc/site/playbooks/create.yaml
playbook_name: "misc/site/create"
used_by:
	node_type: "sodalite.nodes.nginx.Site"
	operation: "create"
plays:
	play:
		hosts: "all"
		privilege_escalation:
			become: yes
		tasks_list:
			task:
				task_name: "Install sample site"
				module: "copy"
					parameters:
						dest: {{ interface_input: "destination" }}
						src: "site.html"
			task:
				task_name: "Change permissions"
				module: "file"
					parameters:
						path: {{ interface_input: "destination" }}
						mode: number_of_initial_zeros: 1, 777